abdul@DESKTOP-P9J9SVM MINGW64 /c/gitlearning
$ git config --global user.name "hamidvisen"

abdul@DESKTOP-P9J9SVM MINGW64 /c/gitlearning
$ git config --global user.email "abdulhamid.31102@gmail.com"

abdul@DESKTOP-P9J9SVM MINGW64 /c/gitlearning
$ git config --global user.email
abdulhamid.31102@gmail.com

abdul@DESKTOP-P9J9SVM MINGW64 /c/gitlearning
$ git config --global user.name
hamidvisen

abdul@DESKTOP-P9J9SVM MINGW64 /c/gitlearning
$ code .

abdul@DESKTOP-P9J9SVM MINGW64 /c/gitlearning
$ git -lart
unknown option: -lart
usage: git [-v | --version] [-h | --help] [-C <path>] [-c <name>=<value>]
           [--exec-path[=<path>]] [--html-path] [--man-path] [--info-path]
           [-p | --paginate | -P | --no-pager] [--no-replace-objects] [--bare]
           [--git-dir=<path>] [--work-tree=<path>] [--namespace=<name>]
           [--super-prefix=<path>] [--config-env=<name>=<envvar>]
           <command> [<args>]

abdul@DESKTOP-P9J9SVM MINGW64 /c/gitlearning
$ git --lart
unknown option: --lart
usage: git [-v | --version] [-h | --help] [-C <path>] [-c <name>=<value>]
           [--exec-path[=<path>]] [--html-path] [--man-path] [--info-path]
           [-p | --paginate | -P | --no-pager] [--no-replace-objects] [--bare]
           [--git-dir=<path>] [--work-tree=<path>] [--namespace=<name>]
           [--super-prefix=<path>] [--config-env=<name>=<envvar>]
           <command> [<args>]

abdul@DESKTOP-P9J9SVM MINGW64 /c/gitlearning
$ git init
Initialized empty Git repository in C:/gitlearning/.git/

abdul@DESKTOP-P9J9SVM MINGW64 /c/gitlearning (master)
$ ls -lart
total 16
drwxr-xr-x 1 abdul 197609 0 Aug 23 22:27 ../
drwxr-xr-x 1 abdul 197609 0 Aug 23 22:30 ./
drwxr-xr-x 1 abdul 197609 0 Aug 23 22:30 .git/

abdul@DESKTOP-P9J9SVM MINGW64 /c/gitlearning (master)
$ git status
On branch master

No commits yet

Untracked files:
  (use "git add <file>..." to include in what will be committed)
        index.html

nothing added to commit but untracked files present (use "git add" to track)

abdul@DESKTOP-P9J9SVM MINGW64 /c/gitlearning (master)
$ git add index.html

abdul@DESKTOP-P9J9SVM MINGW64 /c/gitlearning (master)
$ git status
On branch master

No commits yet

Changes to be committed:
  (use "git rm --cached <file>..." to unstage)
        new file:   index.html


abdul@DESKTOP-P9J9SVM MINGW64 /c/gitlearning (master)
$ git commit
[master (root-commit) 70269d1] initial commit
 1 file changed, 12 insertions(+)
 create mode 100644 index.html

abdul@DESKTOP-P9J9SVM MINGW64 /c/gitlearning (master)
$ git status
On branch master
nothing to commit, working tree clean

abdul@DESKTOP-P9J9SVM MINGW64 /c/gitlearning (master)
$ touch about.html

abdul@DESKTOP-P9J9SVM MINGW64 /c/gitlearning (master)
$ touch contact.html

abdul@DESKTOP-P9J9SVM MINGW64 /c/gitlearning (master)
$ touch monuments.html

abdul@DESKTOP-P9J9SVM MINGW64 /c/gitlearning (master)
$ git status
On branch master
Untracked files:
  (use "git add <file>..." to include in what will be committed)
        about.html
        contact.html
        monuments.html

nothing added to commit but untracked files present (use "git add" to track)

abdul@DESKTOP-P9J9SVM MINGW64 /c/gitlearning (master)
$ git add -A

abdul@DESKTOP-P9J9SVM MINGW64 /c/gitlearning (master)
$ git status
On branch master
Changes to be committed:
  (use "git restore --staged <file>..." to unstage)
        new file:   about.html
        new file:   contact.html
        new file:   monuments.html


abdul@DESKTOP-P9J9SVM MINGW64 /c/gitlearning (master)
$ git status
On branch master
Changes to be committed:
  (use "git restore --staged <file>..." to unstage)
        new file:   about.html
        new file:   contact.html
        new file:   monuments.html

Changes not staged for commit:
  (use "git add <file>..." to update what will be committed)
  (use "git restore <file>..." to discard changes in working directory)
        modified:   contact.html


abdul@DESKTOP-P9J9SVM MINGW64 /c/gitlearning (master)
$ git add -A

abdul@DESKTOP-P9J9SVM MINGW64 /c/gitlearning (master)
$ git status
On branch master
Changes to be committed:
  (use "git restore --staged <file>..." to unstage)
        new file:   about.html
        new file:   contact.html
        new file:   monuments.html


abdul@DESKTOP-P9J9SVM MINGW64 /c/gitlearning (master)
$ git add -a
error: unknown switch `a'
usage: git add [<options>] [--] <pathspec>...

    -n, --dry-run         dry run
    -v, --verbose         be verbose

    -i, --interactive     interactive picking
    -p, --patch           select hunks interactively
    -e, --edit            edit current diff and apply
    -f, --force           allow adding otherwise ignored files
    -u, --update          update tracked files
    --renormalize         renormalize EOL of tracked files (implies -u)
    -N, --intent-to-add   record only the fact that the path will be added later
    -A, --all             add changes from all tracked and untracked files
    --ignore-removal      ignore paths removed in the working tree (same as --no-all)
    --refresh             don't add, only refresh the index
    --ignore-errors       just skip files which cannot be added because of errors
    --ignore-missing      check if - even missing - files are ignored in dry run
    --sparse              allow updating entries outside of the sparse-checkout cone
    --chmod (+|-)x        override the executable bit of the listed files
    --pathspec-from-file <file>
                          read pathspec from file
    --pathspec-file-nul   with --pathspec-from-file, pathspec elements are separated with NUL character


abdul@DESKTOP-P9J9SVM MINGW64 /c/gitlearning (master)
$ git commit -m "added more htmls"
[master ce2a731] added more htmls
 3 files changed, 13 insertions(+)
 create mode 100644 about.html
 create mode 100644 contact.html
 create mode 100644 monuments.html

abdul@DESKTOP-P9J9SVM MINGW64 /c/gitlearning (master)
$ git status
On branch master
nothing to commit, working tree clean

abdul@DESKTOP-P9J9SVM MINGW64 /c/gitlearning (master)
$ git status
On branch master
Changes not staged for commit:
  (use "git add <file>..." to update what will be committed)
  (use "git restore <file>..." to discard changes in working directory)
        modified:   contact.html

no changes added to commit (use "git add" and/or "git commit -a")

abdul@DESKTOP-P9J9SVM MINGW64 /c/gitlearning (master)
$ git checkout contact.html
Updated 1 path from the index

abdul@DESKTOP-P9J9SVM MINGW64 /c/gitlearning (master)
$ git status
On branch master
nothing to commit, working tree clean

abdul@DESKTOP-P9J9SVM MINGW64 /c/gitlearning (master)
$ git status
On branch master
Changes not staged for commit:
  (use "git add <file>..." to update what will be committed)
  (use "git restore <file>..." to discard changes in working directory)
        modified:   contact.html
        modified:   index.html

no changes added to commit (use "git add" and/or "git commit -a")

abdul@DESKTOP-P9J9SVM MINGW64 /c/gitlearning (master)
$ git checkout -f

abdul@DESKTOP-P9J9SVM MINGW64 /c/gitlearning (master)
$ git status
On branch master
nothing to commit, working tree clean

abdul@DESKTOP-P9J9SVM MINGW64 /c/gitlearning (master)
$ git log
commit ce2a73116e15fe4b55c6bb5bbec4b09181174551 (HEAD -> master)
Author: hamidvisen <abdulhamid.31102@gmail.com>
Date:   Tue Aug 23 22:50:25 2022 +0530

    added more htmls

commit 70269d104cb0bfe05286297e2b96343f61e084a2
Author: hamidvisen <abdulhamid.31102@gmail.com>
Date:   Tue Aug 23 22:41:54 2022 +0530

    initial commit

abdul@DESKTOP-P9J9SVM MINGW64 /c/gitlearning (master)
$ git log -p -1
commit ce2a73116e15fe4b55c6bb5bbec4b09181174551 (HEAD -> master)
Author: hamidvisen <abdulhamid.31102@gmail.com>
Date:   Tue Aug 23 22:50:25 2022 +0530

    added more htmls

diff --git a/about.html b/about.html
new file mode 100644
index 0000000..e69de29
diff --git a/contact.html b/contact.html
new file mode 100644
index 0000000..c3c4ad2
--- /dev/null
+++ b/contact.html
@@ -0,0 +1,13 @@
+<!DOCTYPE html>
+<!DOCTYPE html>
+<html lang="en">
+<head>
+    <meta charset="UTF-8">
+    <meta http-equiv="X-UA-Compatible" content="IE=edge">
+    <meta name="viewport" content="width=device-width, initial-scale=1.0">
+    <title>Document</title>
+</head>
+<body>
+
+</body>
+</html>
\ No newline at end of file
diff --git a/monuments.html b/monuments.html
new file mode 100644
index 0000000..e69de29

abdul@DESKTOP-P9J9SVM MINGW64 /c/gitlearning (master)
$ git status
On branch master
Changes not staged for commit:
  (use "git add <file>..." to update what will be committed)
  (use "git restore <file>..." to discard changes in working directory)
        modified:   index.html

no changes added to commit (use "git add" and/or "git commit -a")

abdul@DESKTOP-P9J9SVM MINGW64 /c/gitlearning (master)
$ git diff
diff --git a/index.html b/index.html
index 56efbdb..f792636 100644
--- a/index.html
+++ b/index.html
@@ -8,5 +8,5 @@
 </head>
 <body>

-</body>
+</body hdfkjashlf>
 </html>
\ No newline at end of file

abdul@DESKTOP-P9J9SVM MINGW64 /c/gitlearning (master)
$ git diff --staged

abdul@DESKTOP-P9J9SVM MINGW64 /c/gitlearning (master)
$ git diff --stage
error: invalid option: --stage

abdul@DESKTOP-P9J9SVM MINGW64 /c/gitlearning (master)
$ git diff --staged

abdul@DESKTOP-P9J9SVM MINGW64 /c/gitlearning (master)
$ git checkout -f

abdul@DESKTOP-P9J9SVM MINGW64 /c/gitlearning (master)
$ git status
On branch master
nothing to commit, working tree clean

abdul@DESKTOP-P9J9SVM MINGW64 /c/gitlearning (master)
$ git status
On branch master
Changes not staged for commit:
  (use "git add <file>..." to update what will be committed)
  (use "git restore <file>..." to discard changes in working directory)
        modified:   contact.html
        modified:   index.html

no changes added to commit (use "git add" and/or "git commit -a")

abdul@DESKTOP-P9J9SVM MINGW64 /c/gitlearning (master)
$ git diff
diff --git a/contact.html b/contact.html
index c3c4ad2..5e5a962 100644
--- a/contact.html
+++ b/contact.html
@@ -7,7 +7,7 @@
     <meta name="viewport" content="width=device-width, initial-scale=1.0">
     <title>Document</title>
 </head>
-<body>
+<body>;clxvkx;lzkv;xzl

 </body>
 </html>
\ No newline at end of file
diff --git a/index.html b/index.html
index 56efbdb..f28d66c 100644
--- a/index.html
+++ b/index.html
@@ -1,11 +1,12 @@
 <!DOCTYPE html>
+<!DOCTYPE html>
 <html lang="en">
 <head>
     <meta charset="UTF-8">
     <meta http-equiv="X-UA-Compatible" content="IE=edge">
     <meta name="viewport" content="width=device-width, initial-scale=1.0">
     <title>Document</title>
-</head>
+</headk;scjl;djflk;jsf>
 <body>

 </body>

abdul@DESKTOP-P9J9SVM MINGW64 /c/gitlearning (master)
$ git diff --staged

abdul@DESKTOP-P9J9SVM MINGW64 /c/gitlearning (master)
$ git commit -a -m "skipped staging area"
[master cc03100] skipped staging area
 2 files changed, 3 insertions(+), 2 deletions(-)

abdul@DESKTOP-P9J9SVM MINGW64 /c/gitlearning (master)
$ git log
commit cc03100a32c8134f10a56888f9abb9bbdbd4ba5e (HEAD -> master)
Author: hamidvisen <abdulhamid.31102@gmail.com>
Date:   Tue Aug 23 23:10:16 2022 +0530

    skipped staging area

commit ce2a73116e15fe4b55c6bb5bbec4b09181174551
Author: hamidvisen <abdulhamid.31102@gmail.com>
Date:   Tue Aug 23 22:50:25 2022 +0530

    added more htmls

commit 70269d104cb0bfe05286297e2b96343f61e084a2
Author: hamidvisen <abdulhamid.31102@gmail.com>
Date:   Tue Aug 23 22:41:54 2022 +0530

    initial commit

abdul@DESKTOP-P9J9SVM MINGW64 /c/gitlearning (master)
$ git status
On branch master
nothing to commit, working tree clean

abdul@DESKTOP-P9J9SVM MINGW64 /c/gitlearning (master)
$ ls
about.html  contact.html  index.html  monuments.html

abdul@DESKTOP-P9J9SVM MINGW64 /c/gitlearning (master)
$ touch waste.html

abdul@DESKTOP-P9J9SVM MINGW64 /c/gitlearning (master)
$ ls
about.html  contact.html  index.html  monuments.html  waste.html

abdul@DESKTOP-P9J9SVM MINGW64 /c/gitlearning (master)
$ git commit -a -m "removing"
On branch master
Untracked files:
  (use "git add <file>..." to include in what will be committed)
        waste.html

nothing added to commit but untracked files present (use "git add" to track)

abdul@DESKTOP-P9J9SVM MINGW64 /c/gitlearning (master)
$ git add waste.html

abdul@DESKTOP-P9J9SVM MINGW64 /c/gitlearning (master)
$ git commit -a -m "removing"
[master 1459b44] removing
 1 file changed, 0 insertions(+), 0 deletions(-)
 create mode 100644 waste.html

abdul@DESKTOP-P9J9SVM MINGW64 /c/gitlearning (master)
$ git status
On branch master
nothing to commit, working tree clean

abdul@DESKTOP-P9J9SVM MINGW64 /c/gitlearning (master)
$ git rm --cached waste.html
rm 'waste.html'

abdul@DESKTOP-P9J9SVM MINGW64 /c/gitlearning (master)
$ git status
On branch master
Changes to be committed:
  (use "git restore --staged <file>..." to unstage)
        deleted:    waste.html

Untracked files:
  (use "git add <file>..." to include in what will be committed)
        waste.html


abdul@DESKTOP-P9J9SVM MINGW64 /c/gitlearning (master)
$ git add -A

abdul@DESKTOP-P9J9SVM MINGW64 /c/gitlearning (master)
$ git status
On branch master
nothing to commit, working tree clean

abdul@DESKTOP-P9J9SVM MINGW64 /c/gitlearning (master)
$ git rm waste.html
rm 'waste.html'

abdul@DESKTOP-P9J9SVM MINGW64 /c/gitlearning (master)
$ git ls
git: 'ls' is not a git command. See 'git --help'.

The most similar command is
        lfs

abdul@DESKTOP-P9J9SVM MINGW64 /c/gitlearning (master)
$ ls
about.html  contact.html  index.html  monuments.html

abdul@DESKTOP-P9J9SVM MINGW64 /c/gitlearning (master)
$ git commit -a -m "removing waste"
[master 0bb0f1a] removing waste
 1 file changed, 0 insertions(+), 0 deletions(-)
 delete mode 100644 waste.html

abdul@DESKTOP-P9J9SVM MINGW64 /c/gitlearning (master)
$ git status
On branch master
Changes not staged for commit:
  (use "git add <file>..." to update what will be committed)
  (use "git restore <file>..." to discard changes in working directory)
        modified:   contact.html
        modified:   index.html

no changes added to commit (use "git add" and/or "git commit -a")

abdul@DESKTOP-P9J9SVM MINGW64 /c/gitlearning (master)
$ git status -s
 M contact.html
 M index.html

abdul@DESKTOP-P9J9SVM MINGW64 /c/gitlearning (master)
$ git add contact.html

abdul@DESKTOP-P9J9SVM MINGW64 /c/gitlearning (master)
$ git status -s
M  contact.html
 M index.html

abdul@DESKTOP-P9J9SVM MINGW64 /c/gitlearning (master)
$
